// Vitest Snapshot v1, https://vitest.dev/guide/snapshot.html

exports[`el día sintético del QA v3 CON encabezados (2 olvidados, «Lusia», «habla Marta, la esposa de Jorge») > ningún mensaje se carga en un viaje ajeno sin pasar por el comercial; cuenta las preguntas del día 1`] = `
{
  "cargados": 34,
  "decisiones": 8,
  "porEntrega": [
    0,
    3,
    1,
    1,
    2,
    1,
    0,
  ],
  "resumenes": 7,
}
`;
